[0.309s] DEBUG:colcon:Command line arguments: ['/usr/bin/colcon', 'build', '--packages-select', 'floatsam_controllers']
[0.309s] DEBUG:colcon:Parsed command line arguments: Namespace(log_base=None, log_level=None, verb_name='build', build_base='build', install_base='install', merge_install=False, symlink_install=False, test_result_base=None, continue_on_error=False, executor='parallel', parallel_workers=12, event_handlers=None, ignore_user_meta=False, metas=['./colcon.meta'], base_paths=['.'], packages_ignore=None, packages_ignore_regex=None, paths=None, packages_up_to=None, packages_up_to_regex=None, packages_above=None, packages_above_and_dependencies=None, packages_above_depth=None, packages_select_by_dep=None, packages_skip_by_dep=None, packages_skip_up_to=None, packages_select_build_failed=False, packages_skip_build_finished=False, packages_select_test_failures=False, packages_skip_test_passed=False, packages_select=['floatsam_controllers'], packages_skip=None, packages_select_regex=None, packages_skip_regex=None, packages_start=None, packages_end=None, allow_overriding=[], cmake_args=None, cmake_target=None, cmake_target_skip_unavailable=False, cmake_clean_cache=False, cmake_clean_first=False, cmake_force_configure=False, ament_cmake_args=None, catkin_cmake_args=None, catkin_skip_building_tests=False, mixin_files=None, mixin=None, verb_parser=<colcon_mixin.mixin.mixin_argument.MixinArgumentDecorator object at 0x75332ef0e7d0>, verb_extension=<colcon_core.verb.build.BuildVerb object at 0x75332ef0e290>, main=<bound method BuildVerb.main of <colcon_core.verb.build.BuildVerb object at 0x75332ef0e290>>, mixin_verb=('build',))
[0.786s] Level 1:colcon.colcon_core.package_discovery:discover_packages(colcon_meta) check parameters
[0.786s] Level 1:colcon.colcon_core.package_discovery:discover_packages(recursive) check parameters
[0.787s] Level 1:colcon.colcon_core.package_discovery:discover_packages(ignore) check parameters
[0.787s] Level 1:colcon.colcon_core.package_discovery:discover_packages(path) check parameters
[0.787s] Level 1:colcon.colcon_core.package_discovery:discover_packages(colcon_meta) discover
[0.787s] Level 1:colcon.colcon_core.package_discovery:discover_packages(recursive) discover
[0.787s] INFO:colcon.colcon_core.package_discovery:Crawling recursively for packages in '/home/lorenzo/Smarc/colcon_ws/src/smarc2/scripts'
[0.787s] Level 1:colcon.colcon_core.package_identification:_identify(.) by extensions ['ignore', 'ignore_ament_install']
[0.788s] Level 1:colcon.colcon_core.package_identification:_identify(.) by extension 'ignore'
[0.788s] Level 1:colcon.colcon_core.package_identification:_identify(.) by extension 'ignore_ament_install'
[0.788s] Level 1:colcon.colcon_core.package_identification:_identify(.) by extensions ['colcon_pkg']
[0.788s] Level 1:colcon.colcon_core.package_identification:_identify(.) by extension 'colcon_pkg'
[0.788s] Level 1:colcon.colcon_core.package_identification:_identify(.) by extensions ['colcon_meta']
[0.788s] Level 1:colcon.colcon_core.package_identification:_identify(.) by extension 'colcon_meta'
[0.788s] Level 1:colcon.colcon_core.package_identification:_identify(.) by extensions ['ros']
[0.788s] Level 1:colcon.colcon_core.package_identification:_identify(.) by extension 'ros'
[0.815s] Level 1:colcon.colcon_core.package_identification:_identify(.) by extensions ['cmake', 'python']
[0.815s] Level 1:colcon.colcon_core.package_identification:_identify(.) by extension 'cmake'
[0.815s] Level 1:colcon.colcon_core.package_identification:_identify(.) by extension 'python'
[0.815s] Level 1:colcon.colcon_core.package_identification:_identify(.) by extensions ['python_setup_py']
[0.816s] Level 1:colcon.colcon_core.package_identification:_identify(.) by extension 'python_setup_py'
[0.816s] Level 1:colcon.colcon_core.package_identification:_identify(build) by extensions ['ignore', 'ignore_ament_install']
[0.816s] Level 1:colcon.colcon_core.package_identification:_identify(build) by extension 'ignore'
[0.816s] Level 1:colcon.colcon_core.package_identification:_identify(build) ignored
[0.816s] Level 1:colcon.colcon_core.package_identification:_identify(install) by extensions ['ignore', 'ignore_ament_install']
[0.816s] Level 1:colcon.colcon_core.package_identification:_identify(install) by extension 'ignore'
[0.817s] Level 1:colcon.colcon_core.package_identification:_identify(install) ignored
[0.817s] Level 1:colcon.colcon_core.package_identification:_identify(log) by extensions ['ignore', 'ignore_ament_install']
[0.817s] Level 1:colcon.colcon_core.package_identification:_identify(log) by extension 'ignore'
[0.817s] Level 1:colcon.colcon_core.package_identification:_identify(log) ignored
[0.817s] Level 1:colcon.colcon_core.package_identification:_identify(rosbag_analyzer) by extensions ['ignore', 'ignore_ament_install']
[0.817s] Level 1:colcon.colcon_core.package_identification:_identify(rosbag_analyzer) by extension 'ignore'
[0.817s] Level 1:colcon.colcon_core.package_identification:_identify(rosbag_analyzer) by extension 'ignore_ament_install'
[0.817s] Level 1:colcon.colcon_core.package_identification:_identify(rosbag_analyzer) by extensions ['colcon_pkg']
[0.817s] Level 1:colcon.colcon_core.package_identification:_identify(rosbag_analyzer) by extension 'colcon_pkg'
[0.818s] Level 1:colcon.colcon_core.package_identification:_identify(rosbag_analyzer) by extensions ['colcon_meta']
[0.818s] Level 1:colcon.colcon_core.package_identification:_identify(rosbag_analyzer) by extension 'colcon_meta'
[0.818s] Level 1:colcon.colcon_core.package_identification:_identify(rosbag_analyzer) by extensions ['ros']
[0.818s] Level 1:colcon.colcon_core.package_identification:_identify(rosbag_analyzer) by extension 'ros'
[0.818s] Level 1:colcon.colcon_core.package_identification:_identify(rosbag_analyzer) by extensions ['cmake', 'python']
[0.818s] Level 1:colcon.colcon_core.package_identification:_identify(rosbag_analyzer) by extension 'cmake'
[0.818s] Level 1:colcon.colcon_core.package_identification:_identify(rosbag_analyzer) by extension 'python'
[0.818s] Level 1:colcon.colcon_core.package_identification:_identify(rosbag_analyzer) by extensions ['python_setup_py']
[0.818s] Level 1:colcon.colcon_core.package_identification:_identify(rosbag_analyzer) by extension 'python_setup_py'
[0.818s] Level 1:colcon.colcon_core.package_identification:_identify(rosbag_analyzer/rosbag2_2024_10_15-11_47_37) by extensions ['ignore', 'ignore_ament_install']
[0.819s] Level 1:colcon.colcon_core.package_identification:_identify(rosbag_analyzer/rosbag2_2024_10_15-11_47_37) by extension 'ignore'
[0.819s] Level 1:colcon.colcon_core.package_identification:_identify(rosbag_analyzer/rosbag2_2024_10_15-11_47_37) by extension 'ignore_ament_install'
[0.819s] Level 1:colcon.colcon_core.package_identification:_identify(rosbag_analyzer/rosbag2_2024_10_15-11_47_37) by extensions ['colcon_pkg']
[0.819s] Level 1:colcon.colcon_core.package_identification:_identify(rosbag_analyzer/rosbag2_2024_10_15-11_47_37) by extension 'colcon_pkg'
[0.819s] Level 1:colcon.colcon_core.package_identification:_identify(rosbag_analyzer/rosbag2_2024_10_15-11_47_37) by extensions ['colcon_meta']
[0.819s] Level 1:colcon.colcon_core.package_identification:_identify(rosbag_analyzer/rosbag2_2024_10_15-11_47_37) by extension 'colcon_meta'
[0.819s] Level 1:colcon.colcon_core.package_identification:_identify(rosbag_analyzer/rosbag2_2024_10_15-11_47_37) by extensions ['ros']
[0.819s] Level 1:colcon.colcon_core.package_identification:_identify(rosbag_analyzer/rosbag2_2024_10_15-11_47_37) by extension 'ros'
[0.819s] Level 1:colcon.colcon_core.package_identification:_identify(rosbag_analyzer/rosbag2_2024_10_15-11_47_37) by extensions ['cmake', 'python']
[0.819s] Level 1:colcon.colcon_core.package_identification:_identify(rosbag_analyzer/rosbag2_2024_10_15-11_47_37) by extension 'cmake'
[0.819s] Level 1:colcon.colcon_core.package_identification:_identify(rosbag_analyzer/rosbag2_2024_10_15-11_47_37) by extension 'python'
[0.819s] Level 1:colcon.colcon_core.package_identification:_identify(rosbag_analyzer/rosbag2_2024_10_15-11_47_37) by extensions ['python_setup_py']
[0.819s] Level 1:colcon.colcon_core.package_identification:_identify(rosbag_analyzer/rosbag2_2024_10_15-11_47_37) by extension 'python_setup_py'
[0.820s] Level 1:colcon.colcon_core.package_identification:_identify(smarc_bringups) by extensions ['ignore', 'ignore_ament_install']
[0.820s] Level 1:colcon.colcon_core.package_identification:_identify(smarc_bringups) by extension 'ignore'
[0.820s] Level 1:colcon.colcon_core.package_identification:_identify(smarc_bringups) by extension 'ignore_ament_install'
[0.820s] Level 1:colcon.colcon_core.package_identification:_identify(smarc_bringups) by extensions ['colcon_pkg']
[0.820s] Level 1:colcon.colcon_core.package_identification:_identify(smarc_bringups) by extension 'colcon_pkg'
[0.820s] Level 1:colcon.colcon_core.package_identification:_identify(smarc_bringups) by extensions ['colcon_meta']
[0.820s] Level 1:colcon.colcon_core.package_identification:_identify(smarc_bringups) by extension 'colcon_meta'
[0.820s] Level 1:colcon.colcon_core.package_identification:_identify(smarc_bringups) by extensions ['ros']
[0.820s] Level 1:colcon.colcon_core.package_identification:_identify(smarc_bringups) by extension 'ros'
[0.826s] DEBUG:colcon.colcon_core.package_identification:Package 'smarc_bringups' with type 'ros.ament_python' and name 'smarc_bringups'
[0.826s] Level 1:colcon.colcon_core.package_identification:_identify(tmux_alert) by extensions ['ignore', 'ignore_ament_install']
[0.826s] Level 1:colcon.colcon_core.package_identification:_identify(tmux_alert) by extension 'ignore'
[0.826s] Level 1:colcon.colcon_core.package_identification:_identify(tmux_alert) by extension 'ignore_ament_install'
[0.826s] Level 1:colcon.colcon_core.package_identification:_identify(tmux_alert) by extensions ['colcon_pkg']
[0.826s] Level 1:colcon.colcon_core.package_identification:_identify(tmux_alert) by extension 'colcon_pkg'
[0.826s] Level 1:colcon.colcon_core.package_identification:_identify(tmux_alert) by extensions ['colcon_meta']
[0.826s] Level 1:colcon.colcon_core.package_identification:_identify(tmux_alert) by extension 'colcon_meta'
[0.827s] Level 1:colcon.colcon_core.package_identification:_identify(tmux_alert) by extensions ['ros']
[0.827s] Level 1:colcon.colcon_core.package_identification:_identify(tmux_alert) by extension 'ros'
[0.828s] DEBUG:colcon.colcon_core.package_identification:Package 'tmux_alert' with type 'ros.ament_python' and name 'tmux_alert'
[0.828s] Level 1:colcon.colcon_core.package_discovery:discover_packages(recursive) using defaults
[0.828s] Level 1:colcon.colcon_core.package_discovery:discover_packages(ignore) discover
[0.828s] Level 1:colcon.colcon_core.package_discovery:discover_packages(ignore) using defaults
[0.828s] Level 1:colcon.colcon_core.package_discovery:discover_packages(path) discover
[0.828s] Level 1:colcon.colcon_core.package_discovery:discover_packages(path) using defaults
[0.829s] WARNING:colcon.colcon_core.package_selection:ignoring unknown package 'floatsam_controllers' in --packages-select
[0.883s] INFO:colcon.colcon_core.package_selection:Skipping not selected package 'smarc_bringups' in 'smarc_bringups'
[0.883s] INFO:colcon.colcon_core.package_selection:Skipping not selected package 'tmux_alert' in 'tmux_alert'
[0.884s] Level 1:colcon.colcon_core.package_discovery:discover_packages(prefix_path) check parameters
[0.884s] Level 1:colcon.colcon_core.package_discovery:discover_packages(prefix_path) discover
[0.891s] DEBUG:colcon.colcon_installed_package_information.package_discovery:Found 66 installed packages in /home/lorenzo/Smarc/colcon_ws/install
[0.893s] DEBUG:colcon.colcon_installed_package_information.package_discovery:Found 279 installed packages in /opt/ros/humble
[0.897s] Level 1:colcon.colcon_core.package_discovery:discover_packages(prefix_path) using defaults
[0.961s] INFO:colcon.colcon_core.executor:Executing jobs using 'parallel' executor
[0.964s] DEBUG:colcon.colcon_parallel_executor.executor.parallel:run_until_complete
[0.964s] DEBUG:colcon.colcon_parallel_executor.executor.parallel:closing loop
[0.965s] DEBUG:colcon.colcon_parallel_executor.executor.parallel:loop closed
[0.965s] DEBUG:colcon.colcon_parallel_executor.executor.parallel:run_until_complete finished with '0'
[0.965s] DEBUG:colcon.colcon_core.event_reactor:joining thread
[0.980s] INFO:colcon.colcon_core.plugin_system:Skipping extension 'colcon_notification.desktop_notification.terminal_notifier': Not used on non-Darwin systems
[0.980s] INFO:colcon.colcon_core.plugin_system:Skipping extension 'colcon_notification.desktop_notification.win32': Not used on non-Windows systems
[0.981s] INFO:colcon.colcon_notification.desktop_notification:Sending desktop notification using 'notify2'
[1.009s] DEBUG:colcon.colcon_core.event_reactor:joined thread
[1.018s] INFO:colcon.colcon_core.plugin_system:Skipping extension 'colcon_core.shell.bat': Not used on non-Windows systems
[1.019s] INFO:colcon.colcon_core.shell:Creating prefix script '/home/lorenzo/Smarc/colcon_ws/src/smarc2/scripts/install/local_setup.ps1'
[1.021s] INFO:colcon.colcon_core.shell:Creating prefix util module '/home/lorenzo/Smarc/colcon_ws/src/smarc2/scripts/install/_local_setup_util_ps1.py'
[1.022s] INFO:colcon.colcon_core.shell:Creating prefix chain script '/home/lorenzo/Smarc/colcon_ws/src/smarc2/scripts/install/setup.ps1'
[1.026s] INFO:colcon.colcon_core.shell:Creating prefix script '/home/lorenzo/Smarc/colcon_ws/src/smarc2/scripts/install/local_setup.sh'
[1.027s] INFO:colcon.colcon_core.shell:Creating prefix util module '/home/lorenzo/Smarc/colcon_ws/src/smarc2/scripts/install/_local_setup_util_sh.py'
[1.028s] INFO:colcon.colcon_core.shell:Creating prefix chain script '/home/lorenzo/Smarc/colcon_ws/src/smarc2/scripts/install/setup.sh'
[1.032s] INFO:colcon.colcon_core.shell:Creating prefix script '/home/lorenzo/Smarc/colcon_ws/src/smarc2/scripts/install/local_setup.bash'
[1.033s] INFO:colcon.colcon_core.shell:Creating prefix chain script '/home/lorenzo/Smarc/colcon_ws/src/smarc2/scripts/install/setup.bash'
[1.038s] INFO:colcon.colcon_core.shell:Creating prefix script '/home/lorenzo/Smarc/colcon_ws/src/smarc2/scripts/install/local_setup.zsh'
[1.039s] INFO:colcon.colcon_core.shell:Creating prefix chain script '/home/lorenzo/Smarc/colcon_ws/src/smarc2/scripts/install/setup.zsh'
