[0.396s] Invoking command in '/home/smarc2user/colcon_ws/src/smarc2/build/ros_tcp_endpoint': PYTHONPATH=/home/smarc2user/colcon_ws/src/smarc2/build/ros_tcp_endpoint/prefix_override:/usr/lib/python3/dist-packages/colcon_core/task/python/colcon_distutils_commands:/home/smarc2user/colcon_ws/src/smarc2/install/ros_tcp_endpoint/lib/python3.10/site-packages:${PYTHONPATH} /usr/bin/python3 -W ignore:setup.py install is deprecated -W ignore:easy_install command is deprecated setup.py develop --editable --build-directory /home/smarc2user/colcon_ws/src/smarc2/build/ros_tcp_endpoint/build --no-deps symlink_data
[0.563s] running develop
[0.637s] running egg_info
[0.638s] creating ros_tcp_endpoint.egg-info
[0.638s] writing ros_tcp_endpoint.egg-info/PKG-INFO
[0.639s] writing dependency_links to ros_tcp_endpoint.egg-info/dependency_links.txt
[0.639s] writing entry points to ros_tcp_endpoint.egg-info/entry_points.txt
[0.640s] writing requirements to ros_tcp_endpoint.egg-info/requires.txt
[0.640s] writing top-level names to ros_tcp_endpoint.egg-info/top_level.txt
[0.641s] writing manifest file 'ros_tcp_endpoint.egg-info/SOURCES.txt'
[0.643s] reading manifest file 'ros_tcp_endpoint.egg-info/SOURCES.txt'
[0.646s] writing manifest file 'ros_tcp_endpoint.egg-info/SOURCES.txt'
[0.647s] running build_ext
[0.647s] Creating /home/smarc2user/colcon_ws/src/smarc2/install/ros_tcp_endpoint/lib/python3.10/site-packages/ros-tcp-endpoint.egg-link (link to .)
[0.648s] Installing default_server_endpoint script to /home/smarc2user/colcon_ws/src/smarc2/install/ros_tcp_endpoint/lib/ros_tcp_endpoint
[0.649s] 
[0.649s] Installed /home/smarc2user/colcon_ws/src/smarc2/build/ros_tcp_endpoint
[0.649s] running symlink_data
[0.650s] creating /home/smarc2user/colcon_ws/src/smarc2/install/ros_tcp_endpoint/share/ament_index
[0.650s] creating /home/smarc2user/colcon_ws/src/smarc2/install/ros_tcp_endpoint/share/ament_index/resource_index
[0.650s] creating /home/smarc2user/colcon_ws/src/smarc2/install/ros_tcp_endpoint/share/ament_index/resource_index/packages
[0.650s] symbolically linking /home/smarc2user/colcon_ws/src/smarc2/build/ros_tcp_endpoint/resource/ros_tcp_endpoint -> /home/smarc2user/colcon_ws/src/smarc2/install/ros_tcp_endpoint/share/ament_index/resource_index/packages
[0.651s] symbolically linking /home/smarc2user/colcon_ws/src/smarc2/build/ros_tcp_endpoint/package.xml -> /home/smarc2user/colcon_ws/src/smarc2/install/ros_tcp_endpoint/share/ros_tcp_endpoint
[0.651s] creating /home/smarc2user/colcon_ws/src/smarc2/install/ros_tcp_endpoint/share/ros_tcp_endpoint/launch
[0.655s] symbolically linking /home/smarc2user/colcon_ws/src/smarc2/build/ros_tcp_endpoint/launch/endpoint.py -> /home/smarc2user/colcon_ws/src/smarc2/install/ros_tcp_endpoint/share/ros_tcp_endpoint/launch
[0.669s] Invoked command in '/home/smarc2user/colcon_ws/src/smarc2/build/ros_tcp_endpoint' returned '0': PYTHONPATH=/home/smarc2user/colcon_ws/src/smarc2/build/ros_tcp_endpoint/prefix_override:/usr/lib/python3/dist-packages/colcon_core/task/python/colcon_distutils_commands:/home/smarc2user/colcon_ws/src/smarc2/install/ros_tcp_endpoint/lib/python3.10/site-packages:${PYTHONPATH} /usr/bin/python3 -W ignore:setup.py install is deprecated -W ignore:easy_install command is deprecated setup.py develop --editable --build-directory /home/smarc2user/colcon_ws/src/smarc2/build/ros_tcp_endpoint/build --no-deps symlink_data
